main.c:242:9:u8x8_gpio_and_delay_8080	8	static
main.c:117:6:button_debounce	8	static
main.c:156:5:_write	8	static
main.c:174:6:user_delay_ms	0	static
main.c:183:6:send_8080_data_delay_100u	0	static
main.c:190:6:send_8080_data	24	static
main.c:214:9:u8x8_byte_8080	8	static
main.c:388:6:display_update	120	static
main.c:686:6:SystemClock_Config	80	static
main.c:463:5:main	64	static
main.c:941:6:HAL_CAN_TxMailbox0CompleteCallback	0	static
main.c:948:6:HAL_CAN_RxFifo0MsgPendingCallback	24	static
main.c:983:6:HAL_TIM_PeriodElapsedCallback	8	static
main.c:1032:6:Error_Handler	0	static
